abc123.dict
cn/cmudict.dict
cn/fulldict.dict
cn/keywords
cn/ptm/feat.params
cn/ptm/mdef
cn/ptm/means
cn/ptm/mixture_weights
cn/ptm/noisedict
cn/ptm/sendump
cn/ptm/transition_matrices
cn/ptm/variances
digits.gram
en-phone.dmp
en/cmudict.dict
en/keywords
en/ptm/README
en/ptm/feat.params
en/ptm/mdef
en/ptm/means
en/ptm/noisedict
en/ptm/sendump
en/ptm/transition_matrices
en/ptm/variances
en/testgram.gram
es/cmudict.dict
es/full.dict
es/keywords
es/ptm/feat.params
es/ptm/mdef
es/ptm/means
es/ptm/mixture_weights
es/ptm/noisedict
es/ptm/sendump
es/ptm/transition_matrices
es/ptm/variances
fr/cmudict.dict
fr/full.dict
fr/keywords
fr/ptm/README
fr/ptm/feat.params
fr/ptm/mdef
fr/ptm/means
fr/ptm/mixture_weights
fr/ptm/noisedict
fr/ptm/sendump
fr/ptm/transition_matrices
fr/ptm/variances
it/cmudict.dict
it/keywords
it/ptm/feat.params
it/ptm/feature_transform
it/ptm/mdef
it/ptm/means
it/ptm/mixture_weights
it/ptm/noisedict
it/ptm/transition_matrices
it/ptm/variances
ja/cmudict.dict
ja/fulldict.dict
ja/keywords
ja/ptm/README
ja/ptm/feat.params
ja/ptm/mdef
ja/ptm/means
ja/ptm/noisedict
ja/ptm/sendump
ja/ptm/transition_matrices
ja/ptm/variances
julius/command.jconf
julius/grammar/ar2d2.dfa
julius/grammar/ar2d2.dict
julius/grammar/br2d2.dfa
julius/grammar/br2d2.dict
julius/grammar/cr2d2.dfa
julius/grammar/cr2d2.dict
julius/grammar/r2d2.dfa
julius/grammar/r2d2.dict
julius/model/phone_m/jnas-tri-3k16-gid.binhmm
julius/model/phone_m/logicalTri-3k16-gid.bin
julius/wake_command.jconf
menu.gram
ru/backup
ru/cmudict.dict
ru/full.dict
ru/keywords
ru/ptm/README
ru/ptm/dictionary.py
ru/ptm/feat.params
ru/ptm/feature_transform
ru/ptm/mdef
ru/ptm/means
ru/ptm/mixture_weights
ru/ptm/noisedict
ru/ptm/transition_matrices
ru/ptm/variances
weather.dmp